NO: The last three edges (1, 3, 1) do not form a Pythagorean triple.
Accepted new connection from 127.0.0.1:52404
Accepted new connection from 127.0.0.1:52410
Received request from client: 3
NO: The last three edges (3, 1, 3) do not form a Pythagorean triple.
Accepted new connection from 127.0.0.1:52418
Received request from client: 3
NO: The last three edges (1, 3, 3) do not form a Pythagorean triple.
Received request from client: 5
NO: The last three edges (3, 3, 5) do not form a Pythagorean triple.
Received request from client: 1
NO: The last three edges (3, 5, 1) do not form a Pythagorean triple.
Received request from client: 5
NO: The last three edges (5, 1, 5) do not form a Pythagorean triple.
Received request from client: 2
NO: The last three edges (1, 5, 2) do not form a Pythagorean triple.
Received request from client: 3
NO: The last three edges (5, 2, 3) do not form a Pythagorean triple.
Received request from client: 5
NO: The last three edges (2, 3, 5) do not form a Pythagorean triple.
Received request from client: 2
NO: The last three edges (3, 5, 2) do not form a Pythagorean triple.
Received request from client: 3
NO: The last three edges (5, 2, 3) do not form a Pythagorean triple.
Received request from client: 3
NO: The last three edges (2, 3, 3) do not form a Pythagorean triple.
Received request from client: 4
NO: The last three edges (3, 3, 4) do not form a Pythagorean triple.
Received request from client: 4
NO: The last three edges (3, 4, 4) do not form a Pythagorean triple.
Received request from client: 3
NO: The last three edges (4, 4, 3) do not form a Pythagorean triple.
Received request from client: 3
NO: The last three edges (4, 3, 3) do not form a Pythagorean triple.
Received request from client: 5
NO: The last three edges (3, 3, 5) do not form a Pythagorean triple.
Received request from client: 2
NO: The last three edges (3, 5, 2) do not form a Pythagorean triple.
Received request from client: 4
NO: The last three edges (5, 2, 4) do not form a Pythagorean triple.
Received request from client: 1
NO: The last three edges (2, 4, 1) do not form a Pythagorean triple.
Received request from client: 4
NO: The last three edges (4, 1, 4) do not form a Pythagorean triple.
Client disconnected
Accepted new connection from 127.0.0.1:52430
Received request from client: 2
NO: The last three edges (1, 4, 2) do not form a Pythagorean triple.
Received request from client: 3
NO: The last three edges (4, 2, 3) do not form a Pythagorean triple.
Received request from client: 1
NO: The last three edges (2, 3, 1) do not form a Pythagorean triple.
Received request from client: 3
NO: The last three edges (3, 1, 3) do not form a Pythagorean triple.
Received request from client: 2
NO: The last three edges (1, 3, 2) do not form a Pythagorean triple.
Received request from client: 2
NO: The last three edges (3, 2, 2) do not form a Pythagorean triple.
Received request from client: 3
NO: The last three edges (2, 2, 3) do not form a Pythagorean triple.
Received request from client: 2
NO: The last three edges (2, 3, 2) do not form a Pythagorean triple.
Received request from client: 3
NO: The last three edges (3, 2, 3) do not form a Pythagorean triple.
Received request from client: 4
NO: The last three edges (2, 3, 4) do not form a Pythagorean triple.
Received request from client: 5
YES: The last three edges (3, 4, 5) form a Pythagorean triple.
Received request from client: 4
NO: The last three edges (4, 5, 4) do not form a Pythagorean triple.
Received request from client: 4
NO: The last three edges (5, 4, 4) do not form a Pythagorean triple.
Received request from client: 1
NO: The last three edges (4, 4, 1) do not form a Pythagorean triple.
Received request from client: 3
NO: The last three edges (4, 1, 3) do not form a Pythagorean triple.
Received request from client: 4
NO: The last three edges (1, 3, 4) do not form a Pythagorean triple.
Received request from client: 1
NO: The last three edges (3, 4, 1) do not form a Pythagorean triple.
Received request from client: 4
NO: The last three edges (4, 1, 4) do not form a Pythagorean triple.
Received request from client: 4
NO: The last three edges (1, 4, 4) do not form a Pythagorean triple.
Received request from client: 4
NO: The last three edges (4, 4, 4) do not form a Pythagorean triple.
Received request from client: 5
NO: The last three edges (4, 4, 5) do not form a Pythagorean triple.
Received request from client: 5
NO: The last three edges (4, 5, 5) do not form a Pythagorean triple.
Client disconnected
Received request from client: 1
NO: The last three edges (5, 5, 1) do not form a Pythagorean triple.
Client disconnected
Received request from client: 4
NO: The last three edges (5, 1, 4) do not form a Pythagorean triple.
Received request from client: 4
NO: The last three edges (1, 4, 4) do not form a Pythagorean triple.
Client disconnected
Received request from client: 3
NO: The last three edges (4, 4, 3) do not form a Pythagorean triple.
Received request from client: 5
YES: The last three edges (4, 3, 5) form a Pythagorean triple.
Client disconnected
Accepted new connection from 127.0.0.1:51336
Received request from client: 3
NO: The last three edges (3, 5, 3) do not form a Pythagorean triple.
Received request from client: 1
NO: The last three edges (5, 3, 1) do not form a Pythagorean triple.
Received request from client: 3
NO: The last three edges (3, 1, 3) do not form a Pythagorean triple.
Received request from client: 1
NO: The last three edges (1, 3, 1) do not form a Pythagorean triple.
Received request from client: 2
NO: The last three edges (3, 1, 2) do not form a Pythagorean triple.
Received request from client: 1
NO: The last three edges (1, 2, 1) do not form a Pythagorean triple.
Received request from client: 4
NO: The last three edges (2, 1, 4) do not form a Pythagorean triple.
Received request from client: 1
NO: The last three edges (1, 4, 1) do not form a Pythagorean triple.
Received request from client: 1
NO: The last three edges (4, 1, 1) do not form a Pythagorean triple.
Received request from client: 3
NO: The last three edges (1, 1, 3) do not form a Pythagorean triple.
Client disconnected
Accepted new connection from 127.0.0.1:51338
Accepted new connection from 127.0.0.1:51344
Accepted new connection from 127.0.0.1:51356
Received request from client: 1
NO: The last three edges (1, 3, 1) do not form a Pythagorean triple.
Received request from client: 5
NO: The last three edges (3, 1, 5) do not form a Pythagorean triple.
Received request from client: 5
NO: The last three edges (1, 5, 5) do not form a Pythagorean triple.
Received request from client: 3
NO: The last three edges (5, 5, 3) do not form a Pythagorean triple.
Received request from client: 3
NO: The last three edges (5, 3, 3) do not form a Pythagorean triple.
Received request from client: 4
NO: The last three edges (3, 3, 4) do not form a Pythagorean triple.
Received request from client: 1
NO: The last three edges (3, 4, 1) do not form a Pythagorean triple.
Received request from client: 1
NO: The last three edges (4, 1, 1) do not form a Pythagorean triple.
Received request from client: 3
NO: The last three edges (1, 1, 3) do not form a Pythagorean triple.
Received request from client: 3
NO: The last three edges (1, 3, 3) do not form a Pythagorean triple.
Received request from client: 2
NO: The last three edges (3, 3, 2) do not form a Pythagorean triple.
Received request from client: 5
NO: The last three edges (3, 2, 5) do not form a Pythagorean triple.
Client disconnected
Received request from client: 3
NO: The last three edges (2, 5, 3) do not form a Pythagorean triple.
Received request from client: 2
NO: The last three edges (5, 3, 2) do not form a Pythagorean triple.
Received request from client: 2
NO: The last three edges (3, 2, 2) do not form a Pythagorean triple.
Received request from client: 3
NO: The last three edges (2, 2, 3) do not form a Pythagorean triple.
Received request from client: 5
NO: The last three edges (2, 3, 5) do not form a Pythagorean triple.
Received request from client: 1
NO: The last three edges (3, 5, 1) do not form a Pythagorean triple.
Received request from client: 3
NO: The last three edges (5, 1, 3) do not form a Pythagorean triple.
Received request from client: 1
NO: The last three edges (1, 3, 1) do not form a Pythagorean triple.
Received request from client: 2
NO: The last three edges (3, 1, 2) do not form a Pythagorean triple.
Received request from client: 4
NO: The last three edges (1, 2, 4) do not form a Pythagorean triple.
Received request from client: 2
NO: The last three edges (2, 4, 2) do not form a Pythagorean triple.
Received request from client: 5
NO: The last three edges (4, 2, 5) do not form a Pythagorean triple.
Received request from client: 5
NO: The last three edges (2, 5, 5) do not form a Pythagorean triple.
Received request from client: 1
NO: The last three edges (5, 5, 1) do not form a Pythagorean triple.
Received request from client: 1
NO: The last three edges (5, 1, 1) do not form a Pythagorean triple.
Accepted new connection from 127.0.0.1:51358
Received request from client: 3
NO: The last three edges (1, 1, 3) do not form a Pythagorean triple.
Received request from client: 1
NO: The last three edges (1, 3, 1) do not form a Pythagorean triple.
Accepted new connection from 127.0.0.1:51362
Received request from client: 3
NO: The last three edges (3, 1, 3) do not form a Pythagorean triple.
Received request from client: 3
NO: The last three edges (1, 3, 3) do not form a Pythagorean triple.
Client disconnected
Received request from client: 4
NO: The last three edges (3, 3, 4) do not form a Pythagorean triple.
Received request from client: 5
YES: The last three edges (3, 4, 5) form a Pythagorean triple.
Received request from client: 4
NO: The last three edges (4, 5, 4) do not form a Pythagorean triple.
Received request from client: 3
YES: The last three edges (5, 4, 3) form a Pythagorean triple.
Received request from client: 4
NO: The last three edges (4, 3, 4) do not form a Pythagorean triple.
Received request from client: 4
NO: The last three edges (3, 4, 4) do not form a Pythagorean triple.
Received request from client: 1
NO: The last three edges (4, 4, 1) do not form a Pythagorean triple.
Received request from client: 1
NO: The last three edges (4, 1, 1) do not form a Pythagorean triple.
Received request from client: 3
NO: The last three edges (1, 1, 3) do not form a Pythagorean triple.
Client disconnected
Received request from client: 5
NO: The last three edges (1, 3, 0) do not form a Pythagorean triple.
Received request from client: 2
NO: The last three edges (3, 0, 0) do not form a Pythagorean triple.
Received request from client: 5
NO: The last three edges (0, 0, 0) do not form a Pythagorean triple.
Client disconnected
Received request from client: 5
NO: The last three edges (0, 0, 0) do not form a Pythagorean triple.
Received request from client: 1
NO: The last three edges (0, 0, 0) do not form a Pythagorean triple.
Received request from client: 3
NO: The last three edges (0, 0, 124) do not form a Pythagorean triple.
Received request from client: 1
YES: The last three edges (0, 124, 191) form a Pythagorean triple.
Received request from client: 5
NO: The last three edges (124, 191, 118) do not form a Pythagorean triple.
Received request from client: 2
NO: The last three edges (191, 118, 240) do not form a Pythagorean triple.
Received request from client: 3
NO: The last three edges (118, 240, 2) do not form a Pythagorean triple.
Client disconnected
Accepted new connection from 127.0.0.1:54120
Received request from client: 5
NO: The last three edges (240, 2, 157) do not form a Pythagorean triple.
Accepted new connection from 127.0.0.1:54136
Received request from client: 5
NO: The last three edges (2, 157, 62) do not form a Pythagorean triple.
Received request from client: 4
NO: The last three edges (157, 62, 0) do not form a Pythagorean triple.
Accepted new connection from 127.0.0.1:54146
Received request from client: 2
NO: The last three edges (62, 0, 0) do not form a Pythagorean triple.
Received request from client: 3
NO: The last three edges (0, 0, 0) do not form a Pythagorean triple.
Received request from client: 4
NO: The last three edges (0, 0, 0) do not form a Pythagorean triple.
Received request from client: 3
NO: The last three edges (0, 0, 0) do not form a Pythagorean triple.
Received request from client: 2
NO: The last three edges (0, 0, 0) do not form a Pythagorean triple.
Received request from client: 3
NO: The last three edges (0, 0, 0) do not form a Pythagorean triple.
Accepted new connection from 127.0.0.1:54148
Received request from client: 5
NO: The last three edges (0, 0, 0) do not form a Pythagorean triple.
Received request from client: 5
NO: The last three edges (0, 0, 72) do not form a Pythagorean triple.
Received request from client: 4
NO: The last three edges (0, 72, 60) do not form a Pythagorean triple.
Received request from client: 1
YES: The last three edges (72, 60, 148) form a Pythagorean triple.
Received request from client: 1
NO: The last three edges (60, 148, 127) do not form a Pythagorean triple.
Received request from client: 4
NO: The last three edges (148, 127, 255) do not form a Pythagorean triple.
Received request from client: 5
NO: The last three edges (127, 255, 127) do not form a Pythagorean triple.
Received request from client: 3
YES: The last three edges (255, 127, 0) form a Pythagorean triple.
Received request from client: 2
NO: The last three edges (127, 0, 0) do not form a Pythagorean triple.
Received request from client: 1
NO: The last three edges (0, 0, 1) do not form a Pythagorean triple.
Received request from client: 3
NO: The last three edges (0, 1, 0) do not form a Pythagorean triple.
Received request from client: 1
YES: The last three edges (1, 0, 0) form a Pythagorean triple.
Received request from client: 3
NO: The last three edges (0, 0, 0) do not form a Pythagorean triple.
Received request from client: 4
NO: The last three edges (0, 0, 0) do not form a Pythagorean triple.
Received request from client: 1
NO: The last three edges (0, 0, 0) do not form a Pythagorean triple.
Received request from client: 1
NO: The last three edges (0, 0, 0) do not form a Pythagorean triple.
Received request from client: 3
NO: The last three edges (0, 0, 0) do not form a Pythagorean triple.
Received request from client: 3
NO: The last three edges (0, 0, 80) do not form a Pythagorean triple.
Received request from client: 3
NO: The last three edges (0, 80, 129) do not form a Pythagorean triple.
Received request from client: 5
NO: The last three edges (80, 129, 226) do not form a Pythagorean triple.
Client disconnected
Received request from client: 5
NO: The last three edges (129, 226, 179) do not form a Pythagorean triple.
Client disconnected
Accepted new connection from 127.0.0.1:54150
Received request from client: 5
NO: The last three edges (226, 179, 57) do not form a Pythagorean triple.
Received request from client: 2
NO: The last three edges (179, 57, 114) do not form a Pythagorean triple.
Received request from client: 1
NO: The last three edges (57, 114, 0) do not form a Pythagorean triple.
Received request from client: 2
NO: The last three edges (114, 0, 0) do not form a Pythagorean triple.
Received request from client: 3
NO: The last three edges (0, 0, 0) do not form a Pythagorean triple.
Received request from client: 2
NO: The last three edges (0, 0, 0) do not form a Pythagorean triple.
Received request from client: 4
NO: The last three edges (0, 0, 0) do not form a Pythagorean triple.
Received request from client: 1
NO: The last three edges (0, 0, 0) do not form a Pythagorean triple.
Received request from client: 2
NO: The last three edges (0, 0, 0) do not form a Pythagorean triple.
Received request from client: 5
NO: The last three edges (0, 0, 0) do not form a Pythagorean triple.
Received request from client: 2
NO: The last three edges (0, 0, 0) do not form a Pythagorean triple.
Received request from client: 1
NO: The last three edges (0, 0, 0) do not form a Pythagorean triple.
Received request from client: 3
NO: The last three edges (0, 0, 85) do not form a Pythagorean triple.
Received request from client: 2
NO: The last three edges (0, 85, 165) do not form a Pythagorean triple.
Received request from client: 2
NO: The last three edges (85, 165, 200) do not form a Pythagorean triple.
Received request from client: 1
NO: The last three edges (165, 200, 131) do not form a Pythagorean triple.
Received request from client: 3
NO: The last three edges (200, 131, 212) do not form a Pythagorean triple.
Client disconnected
Client disconnected
Accepted new connection from 127.0.0.1:54158
Received request from client: 5
NO: The last three edges (131, 212, 100) do not form a Pythagorean triple.
Received request from client: 5
NO: The last three edges (212, 100, 0) do not form a Pythagorean triple.
Received request from client: 5
NO: The last three edges (100, 0, 0) do not form a Pythagorean triple.
Received request from client: 2
NO: The last three edges (0, 0, 0) do not form a Pythagorean triple.
Received request from client: 3
NO: The last three edges (0, 0, 0) do not form a Pythagorean triple.
Received request from client: 3
NO: The last three edges (0, 0, 0) do not form a Pythagorean triple.
Received request from client: 1
NO: The last three edges (0, 0, 0) do not form a Pythagorean triple.
Received request from client: 4
NO: The last three edges (0, 0, 1) do not form a Pythagorean triple.
Received request from client: 3
NO: The last three edges (0, 1, 0) do not form a Pythagorean triple.
Received request from client: 4
NO: The last three edges (1, 0, 0) do not form a Pythagorean triple.
Client disconnected
Accepted new connection from 127.0.0.1:54160
Received request from client: 4
NO: The last three edges (0, 0, 0) do not form a Pythagorean triple.
Accepted new connection from 127.0.0.1:54168
Received request from client: 3
NO: The last three edges (0, 0, 72) do not form a Pythagorean triple.
Received request from client: 3
NO: The last three edges (0, 72, 60) do not form a Pythagorean triple.
Received request from client: 5
NO: The last three edges (72, 60, 148) do not form a Pythagorean triple.
Accepted new connection from 127.0.0.1:54182
Received request from client: 3
NO: The last three edges (60, 148, 127) do not form a Pythagorean triple.
Received request from client: 5
NO: The last three edges (148, 127, 255) do not form a Pythagorean triple.
Received request from client: 1
NO: The last three edges (127, 255, 127) do not form a Pythagorean triple.
Received request from client: 1
NO: The last three edges (255, 127, 0) do not form a Pythagorean triple.
Received request from client: 3
NO: The last three edges (127, 0, 0) do not form a Pythagorean triple.
Received request from client: 2
NO: The last three edges (0, 0, 72) do not form a Pythagorean triple.
Received request from client: 2
NO: The last three edges (0, 72, 60) do not form a Pythagorean triple.
Received request from client: 3
NO: The last three edges (72, 60, 148) do not form a Pythagorean triple.
Received request from client: 1
NO: The last three edges (60, 148, 127) do not form a Pythagorean triple.
Received request from client: 1
NO: The last three edges (148, 127, 255) do not form a Pythagorean triple.
Received request from client: 3
NO: The last three edges (127, 255, 127) do not form a Pythagorean triple.
Received request from client: 5
NO: The last three edges (255, 127, 0) do not form a Pythagorean triple.
Received request from client: 2
NO: The last three edges (127, 0, 0) do not form a Pythagorean triple.
Received request from client: 2
NO: The last three edges (0, 0, 224) do not form a Pythagorean triple.
Client disconnected
Received request from client: 2
NO: The last three edges (0, 224, 61) do not form a Pythagorean triple.
Received request from client: 4
NO: The last three edges (224, 61, 227) do not form a Pythagorean triple.
Received request from client: 3
NO: The last three edges (61, 227, 116) do not form a Pythagorean triple.
Received request from client: 5
NO: The last three edges (227, 116, 42) do not form a Pythagorean triple.
Accepted new connection from 127.0.0.1:54192
Received request from client: 1
NO: The last three edges (116, 42, 11) do not form a Pythagorean triple.
Client disconnected
Received request from client: 4
NO: The last three edges (42, 11, 218) do not form a Pythagorean triple.
Received request from client: 5
NO: The last three edges (11, 218, 197) do not form a Pythagorean triple.
Received request from client: 1
NO: The last three edges (218, 197, 0) do not form a Pythagorean triple.
Received request from client: 1
NO: The last three edges (197, 0, 0) do not form a Pythagorean triple.
Received request from client: 1
YES: The last three edges (0, 0, 0) form a Pythagorean triple.
Received request from client: 5
NO: The last three edges (0, 0, 0) do not form a Pythagorean triple.
Received request from client: 2
NO: The last three edges (0, 0, 0) do not form a Pythagorean triple.
Received request from client: 5
NO: The last three edges (0, 0, 0) do not form a Pythagorean triple.
Received request from client: 1
NO: The last three edges (0, 0, 0) do not form a Pythagorean triple.
Received request from client: 3
NO: The last three edges (0, 0, 0) do not form a Pythagorean triple.
Received request from client: 2
NO: The last three edges (0, 0, 88) do not form a Pythagorean triple.
Received request from client: 1
NO: The last three edges (0, 88, 60) do not form a Pythagorean triple.
Received request from client: 3
NO: The last three edges (88, 60, 148) do not form a Pythagorean triple.
Client disconnected
NO: The last three edges (4, 4, 4) do not form a Pythagorean triple.
NO: The last three edges (4, 4, 4) do not form a Pythagorean triple.
NO: The last three edges (4, 4, 4) do not form a Pythagorean triple.
NO: The last three edges (4, 4, 2) do not form a Pythagorean triple.
NO: The last three edges (4, 2, 2) do not form a Pythagorean triple.
NO: The last three edges (2, 2, 2) do not form a Pythagorean triple.
NO: The last three edges (2, 2, 2) do not form a Pythagorean triple.
NO: The last three edges (2, 2, 2) do not form a Pythagorean triple.
NO: The last three edges (2, 2, 3) do not form a Pythagorean triple.
NO: The last three edges (2, 3, 3) do not form a Pythagorean triple.
NO: The last three edges (3, 3, 3) do not form a Pythagorean triple.
NO: The last three edges (3, 3, 3) do not form a Pythagorean triple.
NO: The last three edges (3, 3, 3) do not form a Pythagorean triple.
NO: The last three edges (3, 3, 1) do not form a Pythagorean triple.
NO: The last three edges (3, 1, 1) do not form a Pythagorean triple.
NO: The last three edges (1, 1, 1) do not form a Pythagorean triple.
NO: The last three edges (1, 1, 1) do not form a Pythagorean triple.
NO: The last three edges (1, 1, 1) do not form a Pythagorean triple.
NO: The last three edges (1, 1, 4) do not form a Pythagorean triple.
NO: The last three edges (1, 4, 4) do not form a Pythagorean triple.
NO: The last three edges (4, 4, 4) do not form a Pythagorean triple.
NO: The last three edges (4, 4, 4) do not form a Pythagorean triple.
NO: The last three edges (4, 4, 4) do not form a Pythagorean triple.
NO: The last three edges (4, 4, 1) do not form a Pythagorean triple.
NO: The last three edges (4, 1, 1) do not form a Pythagorean triple.
NO: The last three edges (1, 1, 1) do not form a Pythagorean triple.
NO: The last three edges (1, 1, 1) do not form a Pythagorean triple.
NO: The last three edges (1, 1, 1) do not form a Pythagorean triple.
NO: The last three edges (1, 1, 2) do not form a Pythagorean triple.
NO: The last three edges (1, 2, 2) do not form a Pythagorean triple.
NO: The last three edges (2, 2, 2) do not form a Pythagorean triple.
NO: The last three edges (2, 2, 2) do not form a Pythagorean triple.
NO: The last three edges (2, 2, 2) do not form a Pythagorean triple.
NO: The last three edges (2, 2, 3) do not form a Pythagorean triple.
NO: The last three edges (2, 3, 3) do not form a Pythagorean triple.
NO: The last three edges (3, 3, 3) do not form a Pythagorean triple.
NO: The last three edges (3, 3, 3) do not form a Pythagorean triple.
NO: The last three edges (3, 3, 3) do not form a Pythagorean triple.
NO: The last three edges (3, 3, 5) do not form a Pythagorean triple.
NO: The last three edges (3, 5, 5) do not form a Pythagorean triple.
NO: The last three edges (5, 5, 5) do not form a Pythagorean triple.
NO: The last three edges (5, 5, 5) do not form a Pythagorean triple.
NO: The last three edges (5, 5, 5) do not form a Pythagorean triple.
NO: The last three edges (5, 5, 2) do not form a Pythagorean triple.
NO: The last three edges (5, 2, 2) do not form a Pythagorean triple.
NO: The last three edges (2, 2, 2) do not form a Pythagorean triple.
NO: The last three edges (2, 2, 2) do not form a Pythagorean triple.
NO: The last three edges (2, 2, 2) do not form a Pythagorean triple.
NO: The last three edges (2, 2, 4) do not form a Pythagorean triple.
NO: The last three edges (2, 4, 4) do not form a Pythagorean triple.
NO: The last three edges (4, 4, 4) do not form a Pythagorean triple.
NO: The last three edges (4, 4, 4) do not form a Pythagorean triple.
NO: The last three edges (4, 4, 4) do not form a Pythagorean triple.
NO: The last three edges (4, 4, 2) do not form a Pythagorean triple.
NO: The last three edges (4, 2, 2) do not form a Pythagorean triple.
NO: The last three edges (2, 2, 2) do not form a Pythagorean triple.
NO: The last three edges (2, 2, 2) do not form a Pythagorean triple.
NO: The last three edges (2, 2, 2) do not form a Pythagorean triple.
NO: The last three edges (2, 2, 3) do not form a Pythagorean triple.
NO: The last three edges (2, 3, 3) do not form a Pythagorean triple.
NO: The last three edges (3, 3, 3) do not form a Pythagorean triple.
NO: The last three edges (3, 3, 3) do not form a Pythagorean triple.
NO: The last three edges (3, 3, 3) do not form a Pythagorean triple.
NO: The last three edges (3, 3, 1) do not form a Pythagorean triple.
NO: The last three edges (3, 1, 1) do not form a Pythagorean triple.
NO: The last three edges (1, 1, 1) do not form a Pythagorean triple.
NO: The last three edges (1, 1, 1) do not form a Pythagorean triple.
NO: The last three edges (1, 1, 1) do not form a Pythagorean triple.
NO: The last three edges (1, 1, 4) do not form a Pythagorean triple.
NO: The last three edges (1, 4, 4) do not form a Pythagorean triple.
NO: The last three edges (4, 4, 4) do not form a Pythagorean triple.
NO: The last three edges (4, 4, 4) do not form a Pythagorean triple.
NO: The last three edges (4, 4, 4) do not form a Pythagorean triple.
NO: The last three edges (4, 4, 1) do not form a Pythagorean triple.
NO: The last three edges (4, 1, 1) do not form a Pythagorean triple.
NO: The last three edges (1, 1, 1) do not form a Pythagorean triple.
NO: The last three edges (1, 1, 1) do not form a Pythagorean triple.
NO: The last three edges (1, 1, 1) do not form a Pythagorean triple.
NO: The last three edges (1, 1, 2) do not form a Pythagorean triple.
NO: The last three edges (1, 2, 2) do not form a Pythagorean triple.
NO: The last three edges (2, 2, 2) do not form a Pythagorean triple.
NO: The last three edges (2, 2, 2) do not form a Pythagorean triple.
NO: The last three edges (2, 2, 2) do not form a Pythagorean triple.
NO: The last three edges (2, 2, 3) do not form a Pythagorean triple.
NO: The last three edges (2, 3, 3) do not form a Pythagorean triple.
NO: The last three edges (3, 3, 3) do not form a Pythagorean triple.
NO: The last three edges (3, 3, 3) do not form a Pythagorean triple.
NO: The last three edges (3, 3, 3) do not form a Pythagorean triple.
NO: The last three edges (3, 3, 5) do not form a Pythagorean triple.
NO: The last three edges (3, 5, 5) do not form a Pythagorean triple.
NO: The last three edges (5, 5, 5) do not form a Pythagorean triple.
NO: The last three edges (5, 5, 5) do not form a Pythagorean triple.
NO: The last three edges (5, 5, 5) do not form a Pythagorean triple.
NO: The last three edges (5, 5, 2) do not form a Pythagorean triple.
NO: The last three edges (5, 2, 2) do not form a Pythagorean triple.
NO: The last three edges (2, 2, 2) do not form a Pythagorean triple.
NO: The last three edges (2, 2, 2) do not form a Pythagorean triple.
NO: The last three edges (2, 2, 2) do not form a Pythagorean triple.
NO: The last three edges (2, 2, 101) do not form a Pythagorean triple.
NO: The last three edges (2, 102, 0) do not form a Pythagorean triple.
NO: The last three edges (103, 0, 0) do not form a Pythagorean triple.
NO: The last three edges (0, 0, 0) do not form a Pythagorean triple.
NO: The last three edges (0, 0, 0) do not form a Pythagorean triple.
NO: The last three edges (0, 0, 0) do not form a Pythagorean triple.
NO: The last three edges (0, 0, 0) do not form a Pythagorean triple.
NO: The last three edges (0, 0, 0) do not form a Pythagorean triple.
NO: The last three edges (0, 0, 0) do not form a Pythagorean triple.
NO: The last three edges (0, 0, 0) do not form a Pythagorean triple.
NO: The last three edges (0, 0, 0) do not form a Pythagorean triple.
NO: The last three edges (0, 0, 0) do not form a Pythagorean triple.
NO: The last three edges (0, 0, 0) do not form a Pythagorean triple.
NO: The last three edges (0, 0, 0) do not form a Pythagorean triple.
NO: The last three edges (0, 0, 0) do not form a Pythagorean triple.
NO: The last three edges (0, 0, 0) do not form a Pythagorean triple.
NO: The last three edges (0, 0, 0) do not form a Pythagorean triple.
NO: The last three edges (0, 0, 0) do not form a Pythagorean triple.
NO: The last three edges (0, 0, 0) do not form a Pythagorean triple.
NO: The last three edges (0, 0, 0) do not form a Pythagorean triple.
NO: The last three edges (0, 0, 0) do not form a Pythagorean triple.
NO: The last three edges (0, 0, 0) do not form a Pythagorean triple.
NO: The last three edges (0, 0, 0) do not form a Pythagorean triple.
NO: The last three edges (0, 0, 0) do not form a Pythagorean triple.
NO: The last three edges (0, 0, 0) do not form a Pythagorean triple.
NO: The last three edges (0, 0, 0) do not form a Pythagorean triple.
NO: The last three edges (0, 0, 0) do not form a Pythagorean triple.
NO: The last three edges (0, 0, 0) do not form a Pythagorean triple.
NO: The last three edges (0, 0, 0) do not form a Pythagorean triple.
NO: The last three edges (0, 0, 0) do not form a Pythagorean triple.
NO: The last three edges (0, 0, 0) do not form a Pythagorean triple.
NO: The last three edges (0, 0, 0) do not form a Pythagorean triple.
NO: The last three edges (0, 0, 0) do not form a Pythagorean triple.
NO: The last three edges (0, 0, 0) do not form a Pythagorean triple.
NO: The last three edges (0, 0, 0) do not form a Pythagorean triple.
NO: The last three edges (0, 0, 0) do not form a Pythagorean triple.
NO: The last three edges (0, 0, 0) do not form a Pythagorean triple.
NO: The last three edges (0, 0, 0) do not form a Pythagorean triple.
NO: The last three edges (0, 0, 0) do not form a Pythagorean triple.
NO: The last three edges (0, 0, 0) do not form a Pythagorean triple.
NO: The last three edges (0, 0, 0) do not form a Pythagorean triple.
NO: The last three edges (0, 0, 0) do not form a Pythagorean triple.
NO: The last three edges (0, 0, 0) do not form a Pythagorean triple.
NO: The last three edges (0, 0, 0) do not form a Pythagorean triple.
NO: The last three edges (0, 0, 0) do not form a Pythagorean triple.
NO: The last three edges (0, 0, 0) do not form a Pythagorean triple.
NO: The last three edges (0, 0, 0) do not form a Pythagorean triple.
NO: The last three edges (0, 0, 0) do not form a Pythagorean triple.
NO: The last three edges (0, 0, 0) do not form a Pythagorean triple.
NO: The last three edges (0, 0, 0) do not form a Pythagorean triple.
NO: The last three edges (4, 4, 4) do not form a Pythagorean triple.
NO: The last three edges (4, 4, 4) do not form a Pythagorean triple.
NO: The last three edges (4, 4, 4) do not form a Pythagorean triple.
NO: The last three edges (4, 4, 2) do not form a Pythagorean triple.
NO: The last three edges (4, 2, 2) do not form a Pythagorean triple.
NO: The last three edges (2, 2, 2) do not form a Pythagorean triple.
NO: The last three edges (2, 2, 2) do not form a Pythagorean triple.
NO: The last three edges (2, 2, 2) do not form a Pythagorean triple.
NO: The last three edges (2, 2, 3) do not form a Pythagorean triple.
NO: The last three edges (2, 3, 3) do not form a Pythagorean triple.
NO: The last three edges (3, 3, 3) do not form a Pythagorean triple.
NO: The last three edges (3, 3, 3) do not form a Pythagorean triple.
NO: The last three edges (3, 3, 3) do not form a Pythagorean triple.
NO: The last three edges (3, 3, 1) do not form a Pythagorean triple.
NO: The last three edges (3, 1, 1) do not form a Pythagorean triple.
NO: The last three edges (1, 1, 1) do not form a Pythagorean triple.
NO: The last three edges (1, 1, 1) do not form a Pythagorean triple.
NO: The last three edges (1, 1, 1) do not form a Pythagorean triple.
NO: The last three edges (1, 1, 4) do not form a Pythagorean triple.
NO: The last three edges (1, 4, 4) do not form a Pythagorean triple.
NO: The last three edges (4, 4, 4) do not form a Pythagorean triple.
NO: The last three edges (4, 4, 4) do not form a Pythagorean triple.
NO: The last three edges (4, 4, 4) do not form a Pythagorean triple.
NO: The last three edges (4, 4, 1) do not form a Pythagorean triple.
NO: The last three edges (4, 1, 1) do not form a Pythagorean triple.
NO: The last three edges (1, 1, 1) do not form a Pythagorean triple.
NO: The last three edges (1, 1, 1) do not form a Pythagorean triple.
NO: The last three edges (1, 1, 1) do not form a Pythagorean triple.
NO: The last three edges (1, 1, 2) do not form a Pythagorean triple.
NO: The last three edges (1, 2, 2) do not form a Pythagorean triple.
NO: The last three edges (2, 2, 2) do not form a Pythagorean triple.
NO: The last three edges (2, 2, 2) do not form a Pythagorean triple.
NO: The last three edges (2, 2, 2) do not form a Pythagorean triple.
NO: The last three edges (2, 2, 3) do not form a Pythagorean triple.
NO: The last three edges (2, 3, 3) do not form a Pythagorean triple.
NO: The last three edges (3, 3, 3) do not form a Pythagorean triple.
NO: The last three edges (3, 3, 3) do not form a Pythagorean triple.
NO: The last three edges (3, 3, 3) do not form a Pythagorean triple.
NO: The last three edges (3, 3, 5) do not form a Pythagorean triple.
NO: The last three edges (3, 5, 5) do not form a Pythagorean triple.
NO: The last three edges (5, 5, 5) do not form a Pythagorean triple.
NO: The last three edges (5, 5, 5) do not form a Pythagorean triple.
NO: The last three edges (5, 5, 5) do not form a Pythagorean triple.
NO: The last three edges (5, 5, 2) do not form a Pythagorean triple.
NO: The last three edges (5, 2, 2) do not form a Pythagorean triple.
NO: The last three edges (2, 2, 2) do not form a Pythagorean triple.
NO: The last three edges (2, 2, 2) do not form a Pythagorean triple.
NO: The last three edges (2, 2, 2) do not form a Pythagorean triple.
